MO sram NULL sram.v vlg1B/sram.bin 1574677351
MO asynch_fifo NULL asynch_fifo.v vlg55/asynch__fifo.bin 1574677351
MO descriptor_process NULL descriptor_process.v vlg41/descriptor__process.bin 1574677351
MO binary_to_gray NULL binary_to_gray.v vlg61/binary__to__gray.bin 1574677351
MO descriptor_fetch NULL descriptor_fetch.v vlg24/descriptor__fetch.bin 1574677351
MO roomavail_calc NULL roomavail_calc.v vlg24/roomavail__calc.bin 1574677351
MO dmardtop NULL dmardtop.v vlg13/dmardtop.bin 1574677351
MO gray_to_binary NULL gray_to_binary.v vlg41/gray__to__binary.bin 1574677351
